Analyzing zahid-efendi...                                       
No issues found! (ran in 12.2s)
00:00 +0: loading /home/runner/work/zahid-efendi/zahid-efendi/test/widget_test.dart
00:00 +0: /home/runner/work/zahid-efendi/zahid-efendi/test/assets_test.dart: assets/schools.json parses and is consistent
00:00 +1: /home/runner/work/zahid-efendi/zahid-efendi/test/widget_test.dart: empty app invites the first exam
00:00 +2: /home/runner/work/zahid-efendi/zahid-efendi/test/widget_test.dart: empty app invites the first exam
00:00 +3: /home/runner/work/zahid-efendi/zahid-efendi/test/widget_test.dart: empty app invites the first exam
00:00 +4: /home/runner/work/zahid-efendi/zahid-efendi/test/widget_test.dart: empty app invites the first exam
00:00 +5: /home/runner/work/zahid-efendi/zahid-efendi/test/widget_test.dart: empty app invites the first exam
00:00 +6: /home/runner/work/zahid-efendi/zahid-efendi/test/widget_test.dart: empty app invites the first exam
00:00 +7: /home/runner/work/zahid-efendi/zahid-efendi/test/widget_test.dart: empty app invites the first exam
00:00 +8: /home/runner/work/zahid-efendi/zahid-efendi/test/widget_test.dart: empty app invites the first exam
00:01 +9: /home/runner/work/zahid-efendi/zahid-efendi/test/widget_test.dart: add exam flow: steppers enforce limits, save shows on home
00:01 +10: /home/runner/work/zahid-efendi/zahid-efendi/test/widget_test.dart: add exam flow: steppers enforce limits, save shows on home
00:01 +11: /home/runner/work/zahid-efendi/zahid-efendi/test/widget_test.dart: add exam flow: steppers enforce limits, save shows on home
00:01 +12: /home/runner/work/zahid-efendi/zahid-efendi/test/widget_test.dart: add exam flow: steppers enforce limits, save shows on home
00:01 +13: /home/runner/work/zahid-efendi/zahid-efendi/test/widget_test.dart: add exam flow: steppers enforce limits, save shows on home
00:01 +14: /home/runner/work/zahid-efendi/zahid-efendi/test/widget_test.dart: add exam flow: steppers enforce limits, save shows on home
00:01 +15: /home/runner/work/zahid-efendi/zahid-efendi/test/widget_test.dart: add exam flow: steppers enforce limits, save shows on home
00:01 +16: /home/runner/work/zahid-efendi/zahid-efendi/test/widget_test.dart: add exam flow: steppers enforce limits, save shows on home
00:01 +17: /home/runner/work/zahid-efendi/zahid-efendi/test/widget_test.dart: add exam flow: steppers enforce limits, save shows on home
00:01 +18: /home/runner/work/zahid-efendi/zahid-efendi/test/widget_test.dart: add exam flow: steppers enforce limits, save shows on home
00:01 +19: /home/runner/work/zahid-efendi/zahid-efendi/test/widget_test.dart: add exam flow: steppers enforce limits, save shows on home
00:01 +20: /home/runner/work/zahid-efendi/zahid-efendi/test/widget_test.dart: add exam flow: steppers enforce limits, save shows on home
00:01 +21: /home/runner/work/zahid-efendi/zahid-efendi/test/widget_test.dart: add exam flow: steppers enforce limits, save shows on home
00:01 +22: /home/runner/work/zahid-efendi/zahid-efendi/test/widget_test.dart: add exam flow: steppers enforce limits, save shows on home
00:01 +23: /home/runner/work/zahid-efendi/zahid-efendi/test/widget_test.dart: add exam flow: steppers enforce limits, save shows on home
00:01 +24: /home/runner/work/zahid-efendi/zahid-efendi/test/widget_test.dart: add exam flow: steppers enforce limits, save shows on home
00:04 +25: /home/runner/work/zahid-efendi/zahid-efendi/test/widget_test.dart: schools screen lists matches for selected province
══╡ EXCEPTION CAUGHT BY RENDERING LIBRARY ╞═════════════════════════════════════════════════════════
The following assertion was thrown during layout:
A RenderFlex overflowed by 47 pixels on the right.

The relevant error-causing widget was:
  Row Row:file:///home/runner/work/zahid-efendi/zahid-efendi/lib/screens/schools_screen.dart:238:16

The overflowing RenderFlex has an orientation of Axis.horizontal.
The edge of the RenderFlex that is overflowing has been marked in the rendering with a yellow and
black striped pattern. This is usually caused by the contents being too big for the RenderFlex.
Consider applying a flex factor (e.g. using an Expanded widget) to force the children of the
RenderFlex to fit within the available space instead of being sized to their natural size.
This is considered an error condition because it indicates that there is content that cannot be
seen. If the content is legitimately bigger than the available space, consider clipping it with a
ClipRect widget before putting it in the flex, or using a scrollable container rather than a Flex,
like a ListView.
The specific RenderFlex in question is: RenderFlex#850f0 relayoutBoundary=up6 OVERFLOWING:
  creator: Row ← Padding ← _GroupTitle ← RepaintBoundary ← IndexedSemantics ← _SelectionKeepAlive ←
    NotificationListener<KeepAliveNotification> ← KeepAlive ← AutomaticKeepAlive ← KeyedSubtree ←
    SliverList ← SliverPadding ← ⋯
  parentData: offset=Offset(16.0, 14.0) (can use size)
  constraints: BoxConstraints(w=328.0, 0.0<=h<=Infinity)
  size: Size(328.0, 21.0)
  direction: horizontal
  mainAxisAlignment: start
  mainAxisSize: max
  crossAxisAlignment: center
  textDirection: ltr
  verticalDirection: down
  spacing: 0.0
◢◤◢◤◢◤◢◤◢◤◢◤◢◤◢◤◢◤◢◤◢◤◢◤◢◤◢◤◢◤◢◤◢◤◢◤◢◤◢◤◢◤◢◤◢◤◢◤◢◤◢◤◢◤◢◤◢◤◢◤◢◤◢◤◢◤◢◤◢◤◢◤◢◤◢◤◢◤◢◤◢◤◢◤◢◤◢◤◢◤◢◤◢◤◢◤◢◤◢◤
════════════════════════════════════════════════════════════════════════════════════════════════════
00:04 +25 -1: /home/runner/work/zahid-efendi/zahid-efendi/test/widget_test.dart: schools screen lists matches for selected province [E]
  Test failed. See exception logs above.
  The test description was: schools screen lists matches for selected province
  
00:04 +25 -1: Some tests failed.

Failing tests:
  /home/runner/work/zahid-efendi/zahid-efendi/test/widget_test.dart: schools screen lists matches for selected province
